main.c:133:5:main	8	static
main.c:226:6:SystemClock_Config	88	static
main.c:278:13:MX_ADC1_Init	24	static
main.c:328:13:MX_TIM1_Init	56	static
main.c:378:13:MX_TIM3_Init	32	static
main.c:423:13:MX_TIM10_Init	8	static
main.c:454:13:MX_USART2_UART_Init	8	static
main.c:487:13:MX_GPIO_Init	40	static
main.c:515:6:HAL_TIM_PeriodElapsedCallback	96	static
main.c:812:6:runSpeed	24	static
main.c:834:6:ADC_Select_CH0	24	static
main.c:848:6:ADC_Select_CH1	24	static
main.c:867:6:Error_Handler	4	static,ignoring_inline_asm
